Next.js Build
═══════════════════════════════════════
Time: 13.8s | Errors: 1 | Warnings: 0
